[0;34m🚀 Starting Google Cloud Run Deployment for Frontend[0m
[0;34m================================================================[0m
[1;33m📋 Validating project files...[0m
[0;32m✅ Project validation passed[0m
[1;33m🔧 Setting up Google Cloud project...[0m
Updated property [core/project].
Updated property [run/region].
[1;33m🔨 Building and pushing Docker image...[0m
Creating temporary archive of 479 file(s) totalling 3.6 MiB before compression.
Some files were not included in the source upload.

Check the gcloud log [/Users/cryptodelic/.config/gcloud/logs/2025.12.09/19.05.23.157209.log] to see which files and the contents of the
default gcloudignore file used (see `$ gcloud topic gcloudignore` to learn
more).

Uploading tarball of [.] to [gs://nice-azimuth-310713_cloudbuild/source/1765299923.303501-6b4ef609af4843029b71b6cedef4db3a.tgz]
Created [https://cloudbuild.googleapis.com/v1/projects/nice-azimuth-310713/locations/global/builds/7dd1e79c-791a-46f8-9ca8-fa8dbaeda72b].
Logs are available at [ https://console.cloud.google.com/cloud-build/builds/7dd1e79c-791a-46f8-9ca8-fa8dbaeda72b?project=976099405307 ].
Waiting for build to complete. Polling interval: 1 second(s).
----------------------------- REMOTE BUILD OUTPUT ------------------------------
starting build "7dd1e79c-791a-46f8-9ca8-fa8dbaeda72b"

FETCHSOURCE
Fetching storage object: gs://nice-azimuth-310713_cloudbuild/source/1765299923.303501-6b4ef609af4843029b71b6cedef4db3a.tgz#1765299927656485
Copying gs://nice-azimuth-310713_cloudbuild/source/1765299923.303501-6b4ef609af4843029b71b6cedef4db3a.tgz#1765299927656485...
/ [0 files][    0.0 B/  1.5 MiB]                                                / [1 files][  1.5 MiB/  1.5 MiB]                                                
Operation completed over 1 objects/1.5 MiB.                                      
BUILD
Already have image (with digest): gcr.io/cloud-builders/docker
Sending build context to Docker daemon   4.27MB
Step 1/44 : FROM node:18-alpine AS base
18-alpine: Pulling from library/node
f18232174bc9: Pulling fs layer
dd71dde834b5: Pulling fs layer
1e5a4c89cee5: Pulling fs layer
25ff2da83641: Pulling fs layer
25ff2da83641: Verifying Checksum
25ff2da83641: Download complete
f18232174bc9: Verifying Checksum
f18232174bc9: Download complete
f18232174bc9: Pull complete
1e5a4c89cee5: Verifying Checksum
1e5a4c89cee5: Download complete
dd71dde834b5: Verifying Checksum
dd71dde834b5: Download complete
dd71dde834b5: Pull complete
1e5a4c89cee5: Pull complete
25ff2da83641: Pull complete
Digest: sha256:8d6421d663b4c28fd3ebc498332f249011d118945588d0a35cb9bc4b8ca09d9e
Status: Downloaded newer image for node:18-alpine
 ---> ee77c6cd7c18
Step 2/44 : FROM base AS deps
 ---> ee77c6cd7c18
Step 3/44 : RUN apk add --no-cache libc6-compat
 ---> Running in 75cdc7a68ad1
fetch https://dl-cdn.alpinelinux.org/alpine/v3.21/main/x86_64/APKINDEX.tar.gz
fetch https://dl-cdn.alpinelinux.org/alpine/v3.21/community/x86_64/APKINDEX.tar.gz
(1/3) Installing musl-obstack (1.2.3-r2)
(2/3) Installing libucontext (1.3.2-r0)
(3/3) Installing gcompat (1.1.0-r4)
OK: 10 MiB in 20 packages
Removing intermediate container 75cdc7a68ad1
 ---> afada0ae56d2
Step 4/44 : WORKDIR /app
 ---> Running in e0aa4b3cd71e
Removing intermediate container e0aa4b3cd71e
 ---> 797b4494f13a
Step 5/44 : COPY package.json package-lock.json* ./
 ---> 4668f6713c74
Step 6/44 : RUN npm ci
 ---> Running in 73920ed159d8
[91mnpm warn deprecated rimraf@3.0.2: Rimraf versions prior to v4 are no longer supported
[0m[91mnpm warn deprecated path-match@1.2.4: This package is archived and no longer maintained. For support, visit https://github.com/expressjs/express/discussions
[0m[91mnpm warn deprecated inflight@1.0.6: This module is not supported, and leaks memory. Do not use it. Check out lru-cache if you want a good and tested way to coalesce async requests by a key value, which is much more comprehensive and powerful.
[0m[91mnpm warn deprecated glob@7.2.3: Glob versions prior to v9 are no longer supported
[0m[91mnpm warn deprecated domexception@4.0.0: Use your platform's native DOMException instead
[0m[91mnpm warn deprecated abab@2.0.6: Use your platform's native atob() and btoa() methods instead
[0m[91mnpm warn deprecated @humanwhocodes/object-schema@2.0.3: Use @eslint/object-schema instead
[0m[91mnpm warn deprecated @humanwhocodes/config-array@0.13.0: Use @eslint/config-array instead
[0m[91mnpm warn deprecated eslint@8.57.1: This version is no longer supported. Please see https://eslint.org/version-support for other options.
[0m
added 1275 packages, and audited 1276 packages in 20s

301 packages are looking for funding
  run `npm fund` for details

15 vulnerabilities (7 moderate, 7 high, 1 critical)

To address issues that do not require attention, run:
  npm audit fix

To address all issues (including breaking changes), run:
  npm audit fix --force

Run `npm audit` for details.
[91mnpm notice
npm notice New major version of npm available! 10.8.2 -> 11.6.4
npm notice Changelog: https://github.com/npm/cli/releases/tag/v11.6.4
npm notice To update run: npm install -g npm@11.6.4
npm notice
[0mRemoving intermediate container 73920ed159d8
 ---> 26050f9b5830
Step 7/44 : FROM base AS builder
 ---> ee77c6cd7c18
Step 8/44 : WORKDIR /app
 ---> Running in a44545961701
Removing intermediate container a44545961701
 ---> 03b0661b5b27
Step 9/44 : COPY --from=deps /app/node_modules ./node_modules
 ---> b3cc4e131963
Step 10/44 : COPY . .
 ---> fba5d1364494
Step 11/44 : ENV NEXT_TELEMETRY_DISABLED 1
 ---> Running in dff500d5fbb5
Removing intermediate container dff500d5fbb5
 ---> fb4a6ea2b9cd
Step 12/44 : ARG NEXT_PUBLIC_API_URL=https://orbitex-976099405307.us-central1.run.app
 ---> Running in 24fc1fa80611
Removing intermediate container 24fc1fa80611
 ---> 62e58ba433e3
Step 13/44 : ARG NEXT_PUBLIC_AUTH_SERVICE_URL=https://orbisigner-976099405307.us-central1.run.app/api/v2/identity
 ---> Running in 62d8035c9142
Removing intermediate container 62d8035c9142
 ---> c362cac1dbf2
Step 14/44 : ARG NEXT_PUBLIC_FRONTEND_URL=https://orbitex-frontend-976099405307.us-central1.run.app
 ---> Running in 1bddec5dfd95
Removing intermediate container 1bddec5dfd95
 ---> 47df9886dc1b
Step 15/44 : ARG NEXT_PUBLIC_WS_URL=wss://socketeer-976099405307.us-central1.run.app/public
 ---> Running in caa781835f3d
Removing intermediate container caa781835f3d
 ---> b2d4f6e1b4f9
Step 16/44 : ARG NEXT_PUBLIC_ENABLE_2FA=false
 ---> Running in 4f13e7247098
Removing intermediate container 4f13e7247098
 ---> e04f6503478f
Step 17/44 : ARG NEXT_PUBLIC_ENABLE_KYC=false
 ---> Running in bc06e053dce7
Removing intermediate container bc06e053dce7
 ---> f99a766bd463
Step 18/44 : ARG NEXT_PUBLIC_ENABLE_WEBAUTHN=false
 ---> Running in 93144a0aa8b2
Removing intermediate container 93144a0aa8b2
 ---> af1e23ec8bd3
Step 19/44 : ARG SKIP_ENV_VALIDATION=true
 ---> Running in 878df8d0d3fa
Removing intermediate container 878df8d0d3fa
 ---> a9971e99ecbe
Step 20/44 : ENV NEXT_PUBLIC_API_URL=$NEXT_PUBLIC_API_URL
 ---> Running in 599dca16c6ee
Removing intermediate container 599dca16c6ee
 ---> a464d7f0746a
Step 21/44 : ENV NEXT_PUBLIC_AUTH_SERVICE_URL=$NEXT_PUBLIC_AUTH_SERVICE_URL
 ---> Running in 2663d08753d3
Removing intermediate container 2663d08753d3
 ---> 3c4216e505bc
Step 22/44 : ENV NEXT_PUBLIC_FRONTEND_URL=$NEXT_PUBLIC_FRONTEND_URL
 ---> Running in 008571b81036
Removing intermediate container 008571b81036
 ---> 24e1078fee46
Step 23/44 : ENV NEXT_PUBLIC_WS_URL=$NEXT_PUBLIC_WS_URL
 ---> Running in 5d0323739680
Removing intermediate container 5d0323739680
 ---> fa0518245461
Step 24/44 : ENV NEXT_PUBLIC_ENABLE_2FA=$NEXT_PUBLIC_ENABLE_2FA
 ---> Running in 4132eed614a4
Removing intermediate container 4132eed614a4
 ---> fb51e02e3fa8
Step 25/44 : ENV NEXT_PUBLIC_ENABLE_KYC=$NEXT_PUBLIC_ENABLE_KYC
 ---> Running in 6b93ab789d08
Removing intermediate container 6b93ab789d08
 ---> eed041110c34
Step 26/44 : ENV NEXT_PUBLIC_ENABLE_WEBAUTHN=$NEXT_PUBLIC_ENABLE_WEBAUTHN
 ---> Running in c4706f5dcfb3
Removing intermediate container c4706f5dcfb3
 ---> 8695bb17016a
Step 27/44 : ENV SKIP_ENV_VALIDATION=$SKIP_ENV_VALIDATION
 ---> Running in 9495aa9aaafe
Removing intermediate container 9495aa9aaafe
 ---> a299e1621bfc
Step 28/44 : RUN npm run build
 ---> Running in 1669519eb3a6

> orbitex-frontend@3.0.0 build
> next build

   ▲ Next.js 15.4.6
   - Experiments (use with caution):
     · serverActions

   Creating an optimized production build ...
 ✓ Compiled successfully in 21.0s
   Linting and checking validity of types ...
   Collecting page data ...
   Generating static pages (0/35) ...
   Generating static pages (8/35) 
   Generating static pages (17/35) 
   Generating static pages (26/35) 
 ✓ Generating static pages (35/35)
   Finalizing page optimization ...
   Collecting build traces ...

Route (app)                                     Size  First Load JS
┌ ○ /                                         4.3 kB         387 kB
├ ○ /_not-found                                189 B         377 kB
├ ○ /address-book                            2.23 kB         384 kB
├ ○ /address-book/new                        3.38 kB         381 kB
├ ○ /api-keys                                3.45 kB         386 kB
├ ○ /api-test                                 2.8 kB         380 kB
├ ƒ /api/test                                  152 B         377 kB
├ ƒ /api/test/[id]                             152 B         377 kB
├ ƒ /api/udf/config                            152 B         377 kB
├ ƒ /api/udf/history                           152 B         377 kB
├ ƒ /api/udf/symbols                           152 B         377 kB
├ ƒ /api/wallets/balances                      152 B         377 kB
├ ƒ /api/wallets/beneficiaries                 152 B         377 kB
├ ƒ /api/wallets/deposit-address/[currency]    152 B         377 kB
├ ƒ /api/wallets/history                       152 B         377 kB
├ ○ /auth/change-password                    3.32 kB         381 kB
├ ○ /auth/email-verification                 3.31 kB         381 kB
├ ○ /auth/forgot-password                    2.82 kB         380 kB
├ ○ /auth/signin                             6.02 kB         383 kB
├ ○ /auth/signup                             5.08 kB         382 kB
├ ○ /confirm                                 2.34 kB         380 kB
├ ○ /dashboard                               3.32 kB         391 kB
├ ○ /history                                 4.44 kB         386 kB
├ ○ /kyc                                     4.67 kB         382 kB
├ ○ /orders                                  4.34 kB         386 kB
├ ○ /profile                                 3.84 kB         391 kB
├ ○ /security                                 3.7 kB         387 kB
├ ○ /settings                                3.39 kB         386 kB
├ ○ /test-auth                               2.43 kB         380 kB
├ ○ /test-navigation                         1.06 kB         384 kB
├ ○ /theme-demo                              3.75 kB         381 kB
├ ○ /trade                                     20 kB         408 kB
├ ○ /verification                            1.94 kB         379 kB
├ ○ /wallets                                 4.63 kB         392 kB
├ ƒ /wallets/[currency]                      3.93 kB         381 kB
└ ○ /withdraw                                4.11 kB         392 kB
+ First Load JS shared by all                 377 kB
  └ chunks/vendors-bf82e59ec2d40319.js        375 kB
  └ other shared chunks (total)              2.04 kB


ƒ Middleware                                 33.5 kB

○  (Static)   prerendered as static content
ƒ  (Dynamic)  server-rendered on demand

[91mnpm notice
npm notice New major version of npm available! 10.8.2 -> 11.6.4
npm notice Changelog: https://github.com/npm/cli/releases/tag/v11.6.4
npm notice To update run: npm install -g npm@11.6.4
npm notice
[0mRemoving intermediate container 1669519eb3a6
 ---> 9e4b3439f179
Step 29/44 : FROM base AS runner
 ---> ee77c6cd7c18
Step 30/44 : WORKDIR /app
 ---> Running in 582c6dafc942
Removing intermediate container 582c6dafc942
 ---> b67cc80eb4ca
Step 31/44 : ENV NODE_ENV production
 ---> Running in 845fb83b7e06
Removing intermediate container 845fb83b7e06
 ---> cd2a66727712
Step 32/44 : ENV NEXT_TELEMETRY_DISABLED 1
 ---> Running in 5fa2451e7497
Removing intermediate container 5fa2451e7497
 ---> 4722c207df88
Step 33/44 : RUN addgroup --system --gid 1001 nodejs
 ---> Running in 8b6fe8a6c750
Removing intermediate container 8b6fe8a6c750
 ---> f5cd2bda6cad
Step 34/44 : RUN adduser --system --uid 1001 nextjs
 ---> Running in eca87984f71d
Removing intermediate container eca87984f71d
 ---> 0595adf651ba
Step 35/44 : COPY --from=builder /app/public ./public
 ---> e9bc1bc56a84
Step 36/44 : RUN mkdir .next
 ---> Running in aff0983c1e07
Removing intermediate container aff0983c1e07
 ---> 7cc5bde83dfc
Step 37/44 : RUN chown nextjs:nodejs .next
 ---> Running in 358a8e3b78cf
Removing intermediate container 358a8e3b78cf
 ---> c9b40451e63e
Step 38/44 : COPY --from=builder --chown=nextjs:nodejs /app/.next/standalone ./
 ---> 10ea9ceede03
Step 39/44 : COPY --from=builder --chown=nextjs:nodejs /app/.next/static ./.next/static
 ---> dd2eab3b8b62
Step 40/44 : USER nextjs
 ---> Running in ef32fbe5bf42
Removing intermediate container ef32fbe5bf42
 ---> f630faa2bf45
Step 41/44 : EXPOSE 3000
 ---> Running in 28a0aaf2d5c3
Removing intermediate container 28a0aaf2d5c3
 ---> 15832be78f4e
Step 42/44 : ENV PORT 3000
 ---> Running in 041ad2759c7d
Removing intermediate container 041ad2759c7d
 ---> 1a6e3fc50067
Step 43/44 : ENV HOSTNAME "0.0.0.0"
 ---> Running in 0cf6b65609a7
Removing intermediate container 0cf6b65609a7
 ---> 5e49dac02b1d
Step 44/44 : CMD ["node", "server.js"]
 ---> Running in 9f6562f80b9e
Removing intermediate container 9f6562f80b9e
 ---> af42ad0608d9
Successfully built af42ad0608d9
Successfully tagged gcr.io/nice-azimuth-310713/orbitex-frontend:20251209-190518
PUSH
Pushing gcr.io/nice-azimuth-310713/orbitex-frontend:20251209-190518
The push refers to repository [gcr.io/nice-azimuth-310713/orbitex-frontend]
1b4b62180d46: Preparing
232d832ad89d: Preparing
a00e75a71e3a: Preparing
23ad1f71e981: Preparing
258db85c8451: Preparing
ed83454d3fcf: Preparing
a9c6b5807107: Preparing
9496b93b69db: Preparing
82140d9a70a7: Preparing
f3b40b0cdb1c: Preparing
0b1f26057bd0: Preparing
08000c18d16d: Preparing
0b1f26057bd0: Waiting
08000c18d16d: Waiting
f3b40b0cdb1c: Layer already exists
82140d9a70a7: Layer already exists
0b1f26057bd0: Layer already exists
08000c18d16d: Layer already exists
a00e75a71e3a: Pushed
ed83454d3fcf: Pushed
a9c6b5807107: Pushed
9496b93b69db: Pushed
1b4b62180d46: Pushed
23ad1f71e981: Pushed
258db85c8451: Pushed
232d832ad89d: Pushed
20251209-190518: digest: sha256:b3ad46c9fbf86887db810368816bc62ac0b9aaf8496c047b679c868a8ed82f78 size: 2826
DONE
--------------------------------------------------------------------------------
ID                                    CREATE_TIME                DURATION  SOURCE                                                                                             IMAGES                                                       STATUS
7dd1e79c-791a-46f8-9ca8-fa8dbaeda72b  2025-12-09T17:05:30+00:00  2M24S     gs://nice-azimuth-310713_cloudbuild/source/1765299923.303501-6b4ef609af4843029b71b6cedef4db3a.tgz  gcr.io/nice-azimuth-310713/orbitex-frontend:20251209-190518  SUCCESS
[1;33m🏷️  Tagging as latest...[0m
Created [gcr.io/nice-azimuth-310713/orbitex-frontend:latest].
[1;33m📝 Updating Cloud Run configuration...[0m
[1;33m🚀 Deploying to Google Cloud Run...[0m
[0;34m📊 Deployment Configuration:[0m
  Service Name: orbitex-frontend
  Image: gcr.io/nice-azimuth-310713/orbitex-frontend:20251209-190518
  Region: us-central1
  Project: nice-azimuth-310713

Applying new configuration to Cloud Run service [orbitex-frontend] in project [nice-azimuth-310713] region [us-central1]
Deploying...
Creating Revision.........................................................................................................................................................................................................................................................................................................................................................................................................................done
Routing traffic.....done
Done.
New configuration has been applied to service [orbitex-frontend].
URL: https://orbitex-frontend-976099405307.us-central1.run.app
[1;33m⏳ Waiting for deployment to be ready...[0m
[1;33m🧪 Testing deployment...[0m
[0;34mTesting health endpoint: https://orbitex-frontend-ih6wdmcn3q-uc.a.run.app[0m
[1;33mAttempt 1/5: Testing frontend...[0m
[0;32m✅ Frontend is accessible![0m
[0;32m🎉 Deployment completed successfully![0m
[0;34mService URL: https://orbitex-frontend-ih6wdmcn3q-uc.a.run.app[0m
[1;33m🔧 Troubleshooting Commands:[0m
  View logs: gcloud logging read 'resource.type=cloud_run_revision AND resource.labels.service_name=orbitex-frontend' --project=nice-azimuth-310713 --limit=50
  Service info: gcloud run services describe orbitex-frontend --region us-central1
  Update service: gcloud run services update orbitex-frontend --region us-central1 --image gcr.io/nice-azimuth-310713/orbitex-frontend:20251209-190518
[0;32m✅ Deployment script completed![0m
