[0;34m🚀 Starting Google Cloud Run Deployment for Frontend[0m
[0;34m================================================================[0m
[1;33m📋 Validating project files...[0m
[0;32m✅ Project validation passed[0m
[1;33m🔧 Setting up Google Cloud project...[0m
Updated property [core/project].
Updated property [run/region].
[1;33m🔨 Building and pushing Docker image...[0m
Creating temporary archive of 477 file(s) totalling 3.6 MiB before compression.
Some files were not included in the source upload.

Check the gcloud log [/Users/cryptodelic/.config/gcloud/logs/2025.12.09/01.29.18.873080.log] to see which files and the contents of the
default gcloudignore file used (see `$ gcloud topic gcloudignore` to learn
more).

Uploading tarball of [.] to [gs://nice-azimuth-310713_cloudbuild/source/1765236559.002638-65add542d8c246348defc52ad5a537d8.tgz]
Created [https://cloudbuild.googleapis.com/v1/projects/nice-azimuth-310713/locations/global/builds/6ce9b65c-aaba-41b9-b651-fd35e0b8385c].
Logs are available at [ https://console.cloud.google.com/cloud-build/builds/6ce9b65c-aaba-41b9-b651-fd35e0b8385c?project=976099405307 ].
Waiting for build to complete. Polling interval: 1 second(s).
---------------- REMOTE BUILD OUTPUT -----------------
starting build "6ce9b65c-aaba-41b9-b651-fd35e0b8385c"

FETCHSOURCE
Fetching storage object: gs://nice-azimuth-310713_cloudbuild/source/1765236559.002638-65add542d8c246348defc52ad5a537d8.tgz#1765236569835193
Copying gs://nice-azimuth-310713_cloudbuild/source/1765236559.002638-65add542d8c246348defc52ad5a537d8.tgz#1765236569835193...
/ [0 files][    0.0 B/  1.5 MiB]                                                / [1 files][  1.5 MiB/  1.5 MiB]                                                
Operation completed over 1 objects/1.5 MiB.
BUILD
Already have image (with digest): gcr.io/cloud-builders/docker
Sending build context to Docker daemon  4.233MB
Step 1/28 : FROM node:18-alpine AS base
18-alpine: Pulling from library/node
f18232174bc9: Pulling fs layer
dd71dde834b5: Pulling fs layer
1e5a4c89cee5: Pulling fs layer
25ff2da83641: Pulling fs layer
f18232174bc9: Verifying Checksum
f18232174bc9: Download complete
1e5a4c89cee5: Verifying Checksum
1e5a4c89cee5: Download complete
25ff2da83641: Verifying Checksum
25ff2da83641: Download complete
f18232174bc9: Pull complete
dd71dde834b5: Verifying Checksum
dd71dde834b5: Download complete
dd71dde834b5: Pull complete
1e5a4c89cee5: Pull complete
25ff2da83641: Pull complete
Digest: sha256:8d6421d663b4c28fd3ebc498332f249011d118945588d0a35cb9bc4b8ca09d9e
Status: Downloaded newer image for node:18-alpine
 ---> ee77c6cd7c18
Step 2/28 : FROM base AS deps
 ---> ee77c6cd7c18
Step 3/28 : RUN apk add --no-cache libc6-compat
 ---> Running in c371186d46f9
fetch https://dl-cdn.alpinelinux.org/alpine/v3.21/main/x86_64/APKINDEX.tar.gz
fetch https://dl-cdn.alpinelinux.org/alpine/v3.21/community/x86_64/APKINDEX.tar.gz
(1/3) Installing musl-obstack (1.2.3-r2)
(2/3) Installing libucontext (1.3.2-r0)
(3/3) Installing gcompat (1.1.0-r4)
OK: 10 MiB in 20 packages
Removing intermediate container c371186d46f9
 ---> f7565414f29e
Step 4/28 : WORKDIR /app
 ---> Running in 4fd261e0bd32
Removing intermediate container 4fd261e0bd32
 ---> cf48f7ee6208
Step 5/28 : COPY package.json package-lock.json* ./
 ---> 02ef04d62ca3
Step 6/28 : RUN npm ci
 ---> Running in 55bff8f4cb82
[91mnpm warn deprecated rimraf@3.0.2: Rimraf versions prior to v4 are no longer supported
[0m[91mnpm warn deprecated path-match@1.2.4: This package is archived and no longer maintained. For support, visit https://github.com/expressjs/express/discussions
[0m[91mnpm warn deprecated inflight@1.0.6: This module is not supported, and leaks memory. Do not use it. Check out lru-cache if you want a good and tested way to coalesce async requests by a key value, which is much more comprehensive and powerful.
[0m[91mnpm warn deprecated glob@7.2.3: Glob versions prior to v9 are no longer supported
[0m[91mnpm warn deprecated domexception@4.0.0: Use your platform's native DOMException instead
[0m[91mnpm warn deprecated abab@2.0.6: Use your platform's native atob() and btoa() methods instead
[0m[91mnpm warn deprecated @humanwhocodes/object-schema@2.0.3: Use @eslint/object-schema instead
[0m[91mnpm warn deprecated @humanwhocodes/config-array@0.13.0: Use @eslint/config-array instead
[0m[91mnpm warn deprecated eslint@8.57.1: This version is no longer supported. Please see https://eslint.org/version-support for other options.
[0m
added 1275 packages, and audited 1276 packages in 23s

301 packages are looking for funding
  run `npm fund` for details

15 vulnerabilities (7 moderate, 7 high, 1 critical)

To address issues that do not require attention, run:
  npm audit fix

To address all issues (including breaking changes), run:
  npm audit fix --force

Run `npm audit` for details.
[91mnpm notice
npm notice New major version of npm available! 10.8.2 -> 11.6.4
npm notice Changelog: https://github.com/npm/cli/releases/tag/v11.6.4
npm notice To update run: npm install -g npm@11.6.4
npm notice
[0mRemoving intermediate container 55bff8f4cb82
 ---> 8c748bd47bd4
Step 7/28 : FROM base AS builder
 ---> ee77c6cd7c18
Step 8/28 : WORKDIR /app
 ---> Running in f75ee17fa482
Removing intermediate container f75ee17fa482
 ---> 1aa7653478a4
Step 9/28 : COPY --from=deps /app/node_modules ./node_modules
 ---> 1f7c63864dc9
Step 10/28 : COPY . .
 ---> 2cb6f4ac9650
Step 11/28 : ENV NEXT_TELEMETRY_DISABLED 1
 ---> Running in 9ea29da22147
Removing intermediate container 9ea29da22147
 ---> 9e17522b627a
Step 12/28 : RUN npm run build
 ---> Running in aa48ee913253

> orbitex-frontend@3.0.0 build
> next build
   ▲ Next.js 15.4.6
   - Experiments (use with caution):
     · serverActions

   Creating an optimized production build ...
 ✓ Compiled successfully in 23.0s
   Linting and checking validity of types ...
   Collecting page data ...
   Generating static pages (0/35) ...
   Generating static pages (8/35) 
   Generating static pages (17/35) 
   Generating static pages (26/35) 
 ✓ Generating static pages (35/35)
   Finalizing page optimization ...
   Collecting build traces ...

Route (app)                                     Size  First Load JS
┌ ○ /                                         4.3 kB         387 kB
├ ○ /_not-found                                189 B         377 kB
├ ○ /address-book                            2.23 kB         384 kB
├ ○ /address-book/new                        3.38 kB         381 kB
├ ○ /api-keys                                3.45 kB         386 kB
├ ○ /api-test                                 2.8 kB         380 kB
├ ƒ /api/test                                  152 B         377 kB
├ ƒ /api/test/[id]                             152 B         377 kB
├ ƒ /api/udf/config                            152 B         377 kB
├ ƒ /api/udf/history                           152 B         377 kB
├ ƒ /api/udf/symbols                           152 B         377 kB
├ ƒ /api/wallets/balances                      152 B         377 kB
├ ƒ /api/wallets/beneficiaries                 152 B         377 kB
├ ƒ /api/wallets/deposit-address/[currency]    152 B         377 kB
├ ƒ /api/wallets/history                       152 B         377 kB
├ ○ /auth/change-password                    3.32 kB         381 kB
├ ○ /auth/email-verification                 3.31 kB         381 kB
├ ○ /auth/forgot-password                    2.83 kB         380 kB
├ ○ /auth/signin                             6.02 kB         383 kB
├ ○ /auth/signup                             5.08 kB         382 kB
├ ○ /confirm                                 2.34 kB         380 kB
├ ○ /dashboard                               3.32 kB         391 kB
├ ○ /history                                 4.44 kB         386 kB
├ ○ /kyc                                     4.71 kB         382 kB
├ ○ /orders                                  4.34 kB         386 kB
├ ○ /profile                                 3.84 kB         391 kB
├ ○ /security                                 3.7 kB         387 kB
├ ○ /settings                                3.39 kB         386 kB
├ ○ /test-auth                               2.43 kB         380 kB
├ ○ /test-navigation                         1.06 kB         384 kB
├ ○ /theme-demo                              3.75 kB         381 kB
├ ○ /trade                                     20 kB         408 kB
├ ○ /verification                            1.94 kB         379 kB
├ ○ /wallets                                 4.63 kB         392 kB
├ ƒ /wallets/[currency]                      3.93 kB         381 kB
└ ○ /withdraw                                4.11 kB         392 kB
+ First Load JS shared by all                 377 kB
  └ chunks/vendors-bf82e59ec2d40319.js        375 kB
  └ other shared chunks (total)              2.04 kB


ƒ Middleware                                 33.5 kB

○  (Static)   prerendered as static content
ƒ  (Dynamic)  server-rendered on demand

[91mnpm notice
npm notice New major version of npm available! 10.8.2 -> 11.6.4
npm notice Changelog: https://github.com/npm/cli/releases/tag/v11.6.4
npm notice To update run: npm install -g npm@11.6.4
npm notice
[0mRemoving intermediate container aa48ee913253
 ---> 9d98abf238c2
Step 13/28 : FROM base AS runner
 ---> ee77c6cd7c18
Step 14/28 : WORKDIR /app
 ---> Running in 9100afe8933e
Removing intermediate container 9100afe8933e
 ---> 4aa64a533113
Step 15/28 : ENV NODE_ENV production
 ---> Running in 42141acb1e3a
Removing intermediate container 42141acb1e3a
 ---> 3f119dddb5b6
Step 16/28 : ENV NEXT_TELEMETRY_DISABLED 1
 ---> Running in c8e60567e5f6
Removing intermediate container c8e60567e5f6
 ---> 96f2693bbad5
Step 17/28 : RUN addgroup --system --gid 1001 nodejs
 ---> Running in 6097a4467d06
Removing intermediate container 6097a4467d06
 ---> f6df0dc19cc9
Step 18/28 : RUN adduser --system --uid 1001 nextjs
 ---> Running in 826110d3f45c
Removing intermediate container 826110d3f45c
 ---> b93922446fcf
Step 19/28 : COPY --from=builder /app/public ./public
 ---> fa6b4f9f320b
Step 20/28 : RUN mkdir .next
 ---> Running in eb3441e45ba2
Removing intermediate container eb3441e45ba2
 ---> e14139b2d30d
Step 21/28 : RUN chown nextjs:nodejs .next
 ---> Running in 7656bcc7a55b
Removing intermediate container 7656bcc7a55b
 ---> fa9af7fcd780
Step 22/28 : COPY --from=builder --chown=nextjs:nodejs /app/.next/standalone ./
 ---> 3ea37329c2c9
Step 23/28 : COPY --from=builder --chown=nextjs:nodejs /app/.next/static ./.next/static
 ---> 85a774f6509a
Step 24/28 : USER nextjs
 ---> Running in 986aaf320195
Removing intermediate container 986aaf320195
 ---> a1319003627b
Step 25/28 : EXPOSE 3000
 ---> Running in 98715df0fa1b
Removing intermediate container 98715df0fa1b
 ---> 9edbd73c10b2
Step 26/28 : ENV PORT 3000
 ---> Running in 704c62495281
Removing intermediate container 704c62495281
 ---> 4f9a9af18636
Step 27/28 : ENV HOSTNAME "0.0.0.0"
 ---> Running in d4eb1d995fa6
Removing intermediate container d4eb1d995fa6
 ---> f1b2f6ed3575
Step 28/28 : CMD ["node", "server.js"]
 ---> Running in b6da7cf8c86c
Removing intermediate container b6da7cf8c86c
 ---> f3105d89a662
Successfully built f3105d89a662
Successfully tagged gcr.io/nice-azimuth-310713/orbitex-frontend:20251209-012911
PUSH
Pushing gcr.io/nice-azimuth-310713/orbitex-frontend:20251209-012911
The push refers to repository [gcr.io/nice-azimuth-310713/orbitex-frontend]
137547321e6a: Preparing
60f689885944: Preparing
1030c5437cd3: Preparing
f5dea2879529: Preparing
e27531218851: Preparing
58f37944de8a: Preparing
4ef65a6c77a6: Preparing
679622b2e8ce: Preparing
82140d9a70a7: Preparing
f3b40b0cdb1c: Preparing
0b1f26057bd0: Preparing
08000c18d16d: Preparing
0b1f26057bd0: Waiting
08000c18d16d: Waiting
f3b40b0cdb1c: Layer already exists
82140d9a70a7: Layer already exists
08000c18d16d: Layer already exists
0b1f26057bd0: Layer already exists
e27531218851: Pushed
f5dea2879529: Pushed
58f37944de8a: Pushed
679622b2e8ce: Pushed
4ef65a6c77a6: Pushed
1030c5437cd3: Pushed
137547321e6a: Pushed
60f689885944: Pushed
20251209-012911: digest: sha256:6c5c3d8ca8f2ce2800091f800f68d80d9ef68beb92bc7f5beccf71136dffef66 size: 2826
DONE
------------------------------------------------------
ID                                    CREATE_TIME                DURATION  SOURCE                                                                                             IMAGES                                                       STATUS
6ce9b65c-aaba-41b9-b651-fd35e0b8385c  2025-12-08T23:29:31+00:00  2M41S     gs://nice-azimuth-310713_cloudbuild/source/1765236559.002638-65add542d8c246348defc52ad5a537d8.tgz  gcr.io/nice-azimuth-310713/orbitex-frontend:20251209-012911  SUCCESS
[1;33m🏷️  Tagging as latest...[0m
Created [gcr.io/nice-azimuth-310713/orbitex-frontend:latest].
[1;33m📝 Updating Cloud Run configuration...[0m
[1;33m🚀 Deploying to Google Cloud Run...[0m
[0;34m📊 Deployment Configuration:[0m
  Service Name: orbitex-frontend
  Image: gcr.io/nice-azimuth-310713/orbitex-frontend:20251209-012911
  Region: us-central1
  Project: nice-azimuth-310713

Applying new configuration to Cloud Run service [[1morbitex-frontend[m] in project [[1mnice-azimuth-310713[m] region [[1mus-central1[m]
Deploying...
Creating Revision.............................................................................................................................................................................................................................................................................................................................................................................................done
Routing traffic.....done
Done.
New configuration has been applied to service [[1morbitex-frontend[m].
URL: [1mhttps://orbitex-frontend-976099405307.us-central1.run.app[m
[1;33m⏳ Waiting for deployment to be ready...[0m
[1;33m🧪 Testing deployment...[0m
[0;34mTesting health endpoint: https://orbitex-frontend-ih6wdmcn3q-uc.a.run.app[0m
[1;33mAttempt 1/5: Testing frontend...[0m
[0;32m✅ Frontend is accessible![0m
[0;32m🎉 Deployment completed successfully![0m
[0;34mService URL: https://orbitex-frontend-ih6wdmcn3q-uc.a.run.app[0m
[1;33m🔧 Troubleshooting Commands:[0m
  View logs: gcloud logging read 'resource.type=cloud_run_revision AND resource.labels.service_name=orbitex-frontend' --project=nice-azimuth-310713 --limit=50
  Service info: gcloud run services describe orbitex-frontend --region us-central1
  Update service: gcloud run services update orbitex-frontend --region us-central1 --image gcr.io/nice-azimuth-310713/orbitex-frontend:20251209-012911
[0;32m✅ Deployment script completed![0m
