[0;34m🚀 Starting Google Cloud Run Deployment for Frontend[0m
[0;34m================================================================[0m
[1;33m📋 Validating project files...[0m
[0;32m✅ Project validation passed[0m
[1;33m🔧 Setting up Google Cloud project...[0m
Updated property [core/project].
Updated property [run/region].
[1;33m🔨 Building and pushing Docker image...[0m
Creating temporary archive of 478 file(s) totalling 3.6 MiB before compression.
Some files were not included in the source upload.

Check the gcloud log [/Users/cryptodelic/.config/gcloud/logs/2025.12.09/01.39.10.155296.log] to see which files and the contents of the
default gcloudignore file used (see `$ gcloud topic gcloudignore` to learn
more).

Uploading tarball of [.] to [gs://nice-azimuth-310713_cloudbuild/source/1765237152.837218-e06d7fd7b296457a81cb0cf68019fbdc.tgz]
Created [https://cloudbuild.googleapis.com/v1/projects/nice-azimuth-310713/locations/global/builds/883c05f3-f20c-4bc4-87a7-5645120dc5d5].
Logs are available at [ https://console.cloud.google.com/cloud-build/builds/883c05f3-f20c-4bc4-87a7-5645120dc5d5?project=976099405307 ].
Waiting for build to complete. Polling interval: 1 second(s).
------------- REMOTE BUILD OUTPUT --------------
starting build "883c05f3-f20c-4bc4-87a7-5645120dc5d5"

FETCHSOURCE
Fetching storage object: gs://nice-azimuth-310713_cloudbuild/source/1765237152.837218-e06d7fd7b296457a81cb0cf68019fbdc.tgz#1765237161468320
Copying gs://nice-azimuth-310713_cloudbuild/source/1765237152.837218-e06d7fd7b296457a81cb0cf68019fbdc.tgz#1765237161468320...
/ [0 files][    0.0 B/  1.5 MiB]                                                / [1 files][  1.5 MiB/  1.5 MiB]                                                
Operation completed over 1 objects/1.5 MiB.                                      
BUILD
Already have image (with digest): gcr.io/cloud-builders/docker
Sending build context to Docker daemon   4.25MB
Step 1/44 : FROM node:18-alpine AS base
18-alpine: Pulling from library/node
f18232174bc9: Pulling fs layer
dd71dde834b5: Pulling fs layer
1e5a4c89cee5: Pulling fs layer
25ff2da83641: Pulling fs layer
25ff2da83641: Download complete
1e5a4c89cee5: Verifying Checksum
1e5a4c89cee5: Download complete
f18232174bc9: Verifying Checksum
f18232174bc9: Download complete
f18232174bc9: Pull complete
dd71dde834b5: Verifying Checksum
dd71dde834b5: Download complete
dd71dde834b5: Pull complete
1e5a4c89cee5: Pull complete
25ff2da83641: Pull complete
Digest: sha256:8d6421d663b4c28fd3ebc498332f249011d118945588d0a35cb9bc4b8ca09d9e
Status: Downloaded newer image for node:18-alpine
 ---> ee77c6cd7c18
Step 2/44 : FROM base AS deps
 ---> ee77c6cd7c18
Step 3/44 : RUN apk add --no-cache libc6-compat
 ---> Running in 97509da36ba2
fetch https://dl-cdn.alpinelinux.org/alpine/v3.21/main/x86_64/APKINDEX.tar.gz
fetch https://dl-cdn.alpinelinux.org/alpine/v3.21/community/x86_64/APKINDEX.tar.gz
(1/3) Installing musl-obstack (1.2.3-r2)
(2/3) Installing libucontext (1.3.2-r0)
(3/3) Installing gcompat (1.1.0-r4)
OK: 10 MiB in 20 packages
Removing intermediate container 97509da36ba2
 ---> 9e6da6c5b622
Step 4/44 : WORKDIR /app
 ---> Running in 9d702838f78c
Removing intermediate container 9d702838f78c
 ---> 3ba5659f9e20
Step 5/44 : COPY package.json package-lock.json* ./
 ---> e437fb13e7ea
Step 6/44 : RUN npm ci
 ---> Running in 582922f88d7c
[91mnpm warn deprecated rimraf@3.0.2: Rimraf versions prior to v4 are no longer supported
[0m[91mnpm warn deprecated path-match@1.2.4: This package is archived and no longer maintained. For support, visit https://github.com/expressjs/express/discussions
[0m[91mnpm warn deprecated inflight@1.0.6: This module is not supported, and leaks memory. Do not use it. Check out lru-cache if you want a good and tested way to coalesce async requests by a key value, which is much more comprehensive and powerful.
[0m[91mnpm warn deprecated glob@7.2.3: Glob versions prior to v9 are no longer supported
[0m[91mnpm warn deprecated domexception@4.0.0: Use your platform's native DOMException instead
[0m[91mnpm warn deprecated abab@2.0.6: Use your platform's native atob() and btoa() methods instead
[0m[91mnpm warn deprecated @humanwhocodes/object-schema@2.0.3: Use @eslint/object-schema instead
[0m[91mnpm warn deprecated @humanwhocodes/config-array@0.13.0: Use @eslint/config-array instead
[0m[91mnpm warn deprecated eslint@8.57.1: This version is no longer supported. Please see https://eslint.org/version-support for other options.
[0m
added 1275 packages, and audited 1276 packages in 23s

301 packages are looking for funding
  run `npm fund` for details

15 vulnerabilities (7 moderate, 7 high, 1 critical)

To address issues that do not require attention, run:
  npm audit fix

To address all issues (including breaking changes), run:
  npm audit fix --force

Run `npm audit` for details.
[91mnpm notice
npm notice New major version of npm available! 10.8.2 -> 11.6.4
npm notice Changelog: https://github.com/npm/cli/releases/tag/v11.6.4
npm notice To update run: npm install -g npm@11.6.4
npm notice
[0mRemoving intermediate container 582922f88d7c
 ---> 68f0821db221
Step 7/44 : FROM base AS builder
 ---> ee77c6cd7c18
Step 8/44 : WORKDIR /app
 ---> Running in cc07a5346f9d
Removing intermediate container cc07a5346f9d
 ---> 7b47f309f219
Step 9/44 : COPY --from=deps /app/node_modules ./node_modules
 ---> e78fbb44894d
Step 10/44 : COPY . .
 ---> 6f5245e44c2e
Step 11/44 : ENV NEXT_TELEMETRY_DISABLED 1
 ---> Running in b1aab14a2a59
Removing intermediate container b1aab14a2a59
 ---> 3895fb54811d
Step 12/44 : ARG NEXT_PUBLIC_API_URL=https://orbitex-976099405307.us-central1.run.app
 ---> Running in d5a40e97653b
Removing intermediate container d5a40e97653b
 ---> a0b336238482
Step 13/44 : ARG NEXT_PUBLIC_AUTH_SERVICE_URL=https://orbisigner-976099405307.us-central1.run.app/api/v2/identity
 ---> Running in ba24bb8796b3
Removing intermediate container ba24bb8796b3
 ---> 13bff14cb716
Step 14/44 : ARG NEXT_PUBLIC_FRONTEND_URL=https://orbitex-frontend-976099405307.us-central1.run.app
 ---> Running in 2b22b63dd567
Removing intermediate container 2b22b63dd567
 ---> b27494fb5f5d
Step 15/44 : ARG NEXT_PUBLIC_WS_URL=wss://socketeer-976099405307.us-central1.run.app/public
 ---> Running in 7dd4922dad0b
Removing intermediate container 7dd4922dad0b
 ---> 34e59076c2bb
Step 16/44 : ARG NEXT_PUBLIC_ENABLE_2FA=false
 ---> Running in d9e11632c56e
Removing intermediate container d9e11632c56e
 ---> cd752d671daf
Step 17/44 : ARG NEXT_PUBLIC_ENABLE_KYC=false
 ---> Running in 3f9257bed768
Removing intermediate container 3f9257bed768
 ---> 798a365cc0c0
Step 18/44 : ARG NEXT_PUBLIC_ENABLE_WEBAUTHN=false
 ---> Running in 1ddb64777234
Removing intermediate container 1ddb64777234
 ---> 265f028be63f
Step 19/44 : ARG SKIP_ENV_VALIDATION=true
 ---> Running in 8e706f6c7b5d
Removing intermediate container 8e706f6c7b5d
 ---> 9e1c2d1029a2
Step 20/44 : ENV NEXT_PUBLIC_API_URL=$NEXT_PUBLIC_API_URL
 ---> Running in c67d8b82e068
Removing intermediate container c67d8b82e068
 ---> f340d278272e
Step 21/44 : ENV NEXT_PUBLIC_AUTH_SERVICE_URL=$NEXT_PUBLIC_AUTH_SERVICE_URL
 ---> Running in c0aeb759da19
Removing intermediate container c0aeb759da19
 ---> d6967f95db6e
Step 22/44 : ENV NEXT_PUBLIC_FRONTEND_URL=$NEXT_PUBLIC_FRONTEND_URL
 ---> Running in ddf472420719
Removing intermediate container ddf472420719
 ---> dd343a6247fe
Step 23/44 : ENV NEXT_PUBLIC_WS_URL=$NEXT_PUBLIC_WS_URL
 ---> Running in 9f74368b1019
Removing intermediate container 9f74368b1019
 ---> 8b866d41f201
Step 24/44 : ENV NEXT_PUBLIC_ENABLE_2FA=$NEXT_PUBLIC_ENABLE_2FA
 ---> Running in 398bade1b01a
Removing intermediate container 398bade1b01a
 ---> 0103fd6a5f05
Step 25/44 : ENV NEXT_PUBLIC_ENABLE_KYC=$NEXT_PUBLIC_ENABLE_KYC
 ---> Running in fe18900d5166
Removing intermediate container fe18900d5166
 ---> 8b26945b937b
Step 26/44 : ENV NEXT_PUBLIC_ENABLE_WEBAUTHN=$NEXT_PUBLIC_ENABLE_WEBAUTHN
 ---> Running in 8a2ed59b8996
Removing intermediate container 8a2ed59b8996
 ---> 338ac6d5cff4
Step 27/44 : ENV SKIP_ENV_VALIDATION=$SKIP_ENV_VALIDATION
 ---> Running in 049ab58065e7
Removing intermediate container 049ab58065e7
 ---> a68ec72621aa
Step 28/44 : RUN npm run build
 ---> Running in 3190fc7b4c11

> orbitex-frontend@3.0.0 build
> next build

   ▲ Next.js 15.4.6
   - Experiments (use with caution):
     · serverActions

   Creating an optimized production build ...
 ✓ Compiled successfully in 22.0s
   Linting and checking validity of types ...
   Collecting page data ...
   Generating static pages (0/35) ...
   Generating static pages (8/35) 
   Generating static pages (17/35) 
   Generating static pages (26/35) 
 ✓ Generating static pages (35/35)
   Finalizing page optimization ...
   Collecting build traces ...

Route (app)                                     Size  First Load JS
┌ ○ /                                         4.3 kB         387 kB
├ ○ /_not-found                                189 B         377 kB
├ ○ /address-book                            2.23 kB         384 kB
├ ○ /address-book/new                        3.38 kB         381 kB
├ ○ /api-keys                                3.45 kB         386 kB
├ ○ /api-test                                 2.8 kB         380 kB
├ ƒ /api/test                                  152 B         377 kB
├ ƒ /api/test/[id]                             152 B         377 kB
├ ƒ /api/udf/config                            152 B         377 kB
├ ƒ /api/udf/history                           152 B         377 kB
├ ƒ /api/udf/symbols                           152 B         377 kB
├ ƒ /api/wallets/balances                      152 B         377 kB
├ ƒ /api/wallets/beneficiaries                 152 B         377 kB
├ ƒ /api/wallets/deposit-address/[currency]    152 B         377 kB
├ ƒ /api/wallets/history                       152 B         377 kB
├ ○ /auth/change-password                    3.32 kB         381 kB
├ ○ /auth/email-verification                 3.31 kB         381 kB
├ ○ /auth/forgot-password                    2.82 kB         380 kB
├ ○ /auth/signin                             6.02 kB         383 kB
├ ○ /auth/signup                             5.08 kB         382 kB
├ ○ /confirm                                 2.34 kB         380 kB
├ ○ /dashboard                               3.32 kB         391 kB
├ ○ /history                                 4.44 kB         386 kB
├ ○ /kyc                                     4.67 kB         382 kB
├ ○ /orders                                  4.34 kB         386 kB
├ ○ /profile                                 3.84 kB         391 kB
├ ○ /security                                 3.7 kB         387 kB
├ ○ /settings                                3.39 kB         386 kB
├ ○ /test-auth                               2.43 kB         380 kB
├ ○ /test-navigation                         1.06 kB         384 kB
├ ○ /theme-demo                              3.75 kB         381 kB
├ ○ /trade                                     20 kB         408 kB
├ ○ /verification                            1.94 kB         379 kB
├ ○ /wallets                                 4.63 kB         392 kB
├ ƒ /wallets/[currency]                      3.93 kB         381 kB
└ ○ /withdraw                                4.11 kB         392 kB
+ First Load JS shared by all                 377 kB
  └ chunks/vendors-bf82e59ec2d40319.js        375 kB
  └ other shared chunks (total)              2.04 kB


ƒ Middleware                                 33.5 kB

○  (Static)   prerendered as static content
ƒ  (Dynamic)  server-rendered on demand

[91mnpm notice
npm notice New major version of npm available! 10.8.2 -> 11.6.4
npm notice Changelog: https://github.com/npm/cli/releases/tag/v11.6.4
npm notice To update run: npm install -g npm@11.6.4
npm notice
[0mRemoving intermediate container 3190fc7b4c11
 ---> 0c2cf61986b4
Step 29/44 : FROM base AS runner
 ---> ee77c6cd7c18
Step 30/44 : WORKDIR /app
 ---> Running in 86385bdedb1f
Removing intermediate container 86385bdedb1f
 ---> c8647c9bf473
Step 31/44 : ENV NODE_ENV production
 ---> Running in 348e4376e6b1
Removing intermediate container 348e4376e6b1
 ---> 29a9341b77d8
Step 32/44 : ENV NEXT_TELEMETRY_DISABLED 1
 ---> Running in d91d8e12413b
Removing intermediate container d91d8e12413b
 ---> 343ae98077fa
Step 33/44 : RUN addgroup --system --gid 1001 nodejs
 ---> Running in ab374c77484d
Removing intermediate container ab374c77484d
 ---> bbc31cc536d0
Step 34/44 : RUN adduser --system --uid 1001 nextjs
 ---> Running in f8938571a487
Removing intermediate container f8938571a487
 ---> 8da0ab692681
Step 35/44 : COPY --from=builder /app/public ./public
 ---> 682e025f26a7
Step 36/44 : RUN mkdir .next
 ---> Running in e797b76802d9
Removing intermediate container e797b76802d9
 ---> ad66a5c0a420
Step 37/44 : RUN chown nextjs:nodejs .next
 ---> Running in 33a466778f75
Removing intermediate container 33a466778f75
 ---> 2bcd163fa468
Step 38/44 : COPY --from=builder --chown=nextjs:nodejs /app/.next/standalone ./
 ---> 03473340c22b
Step 39/44 : COPY --from=builder --chown=nextjs:nodejs /app/.next/static ./.next/static
 ---> 9b8ab51bd9e8
Step 40/44 : USER nextjs
 ---> Running in 334ba65e10f6
Removing intermediate container 334ba65e10f6
 ---> 9be480d063a2
Step 41/44 : EXPOSE 3000
 ---> Running in ab74db49d151
Removing intermediate container ab74db49d151
 ---> 950992b5e7e1
Step 42/44 : ENV PORT 3000
 ---> Running in 04d123639e5d
Removing intermediate container 04d123639e5d
 ---> c0256504d735
Step 43/44 : ENV HOSTNAME "0.0.0.0"
 ---> Running in ce4e0b8dfea2
Removing intermediate container ce4e0b8dfea2
 ---> 97b4ecc7c83b
Step 44/44 : CMD ["node", "server.js"]
 ---> Running in 60c200274dae
Removing intermediate container 60c200274dae
 ---> de87de574e53
Successfully built de87de574e53
Successfully tagged gcr.io/nice-azimuth-310713/orbitex-frontend:20251209-013858
PUSH
Pushing gcr.io/nice-azimuth-310713/orbitex-frontend:20251209-013858
The push refers to repository [gcr.io/nice-azimuth-310713/orbitex-frontend]
3d6169a728b9: Preparing
33064688808e: Preparing
9055f1995084: Preparing
be29530ca1d2: Preparing
f4c832ae30f9: Preparing
a27c9de39fc9: Preparing
13273d03e2fb: Preparing
62b19b5c53f7: Preparing
82140d9a70a7: Preparing
f3b40b0cdb1c: Preparing
0b1f26057bd0: Preparing
08000c18d16d: Preparing
0b1f26057bd0: Waiting
08000c18d16d: Waiting
82140d9a70a7: Layer already exists
f3b40b0cdb1c: Layer already exists
08000c18d16d: Layer already exists
0b1f26057bd0: Layer already exists
a27c9de39fc9: Pushed
9055f1995084: Pushed
be29530ca1d2: Pushed
13273d03e2fb: Pushed
f4c832ae30f9: Pushed
3d6169a728b9: Pushed
62b19b5c53f7: Pushed
33064688808e: Pushed
20251209-013858: digest: sha256:72be698b08a0f7707f04bc63f3f9d376662bc2a7740ea722b674130c37a6d175 size: 2826
DONE
------------------------------------------------
ID                                    CREATE_TIME                DURATION  SOURCE                                                                                             IMAGES                                                       STATUS
883c05f3-f20c-4bc4-87a7-5645120dc5d5  2025-12-08T23:39:23+00:00  2M33S     gs://nice-azimuth-310713_cloudbuild/source/1765237152.837218-e06d7fd7b296457a81cb0cf68019fbdc.tgz  gcr.io/nice-azimuth-310713/orbitex-frontend:20251209-013858  SUCCESS
[1;33m🏷️  Tagging as latest...[0m
Created [gcr.io/nice-azimuth-310713/orbitex-frontend:latest].
[1;33m📝 Updating Cloud Run configuration...[0m
[1;33m🚀 Deploying to Google Cloud Run...[0m
[0;34m📊 Deployment Configuration:[0m
  Service Name: orbitex-frontend
  Image: gcr.io/nice-azimuth-310713/orbitex-frontend:20251209-013858
  Region: us-central1
  Project: nice-azimuth-310713

Applying new configuration to Cloud Run service [[1morbitex-frontend[m] in project [[1mnice-azimuth-310713[m] region [[1mus-central1[m]
Deploying...
Creating Revision....................................................................................................................................................................................................................................................................................................................................................................................................................................................................................................................................................................................................................................................................................................................................................................................................................................................................................................................................................................................................................................................................................................................................................................done
Routing traffic.....done
Done.
New configuration has been applied to service [[1morbitex-frontend[m].
URL: [1mhttps://orbitex-frontend-976099405307.us-central1.run.app[m
[1;33m⏳ Waiting for deployment to be ready...[0m
[1;33m🧪 Testing deployment...[0m
[0;34mTesting health endpoint: https://orbitex-frontend-ih6wdmcn3q-uc.a.run.app[0m
[1;33mAttempt 1/5: Testing frontend...[0m
[0;32m✅ Frontend is accessible![0m
[0;32m🎉 Deployment completed successfully![0m
[0;34mService URL: https://orbitex-frontend-ih6wdmcn3q-uc.a.run.app[0m
[1;33m🔧 Troubleshooting Commands:[0m
  View logs: gcloud logging read 'resource.type=cloud_run_revision AND resource.labels.service_name=orbitex-frontend' --project=nice-azimuth-310713 --limit=50
  Service info: gcloud run services describe orbitex-frontend --region us-central1
  Update service: gcloud run services update orbitex-frontend --region us-central1 --image gcr.io/nice-azimuth-310713/orbitex-frontend:20251209-013858
[0;32m✅ Deployment script completed![0m
