[0;34m🚀 Starting Google Cloud Run Deployment for Frontend[0m
[0;34m================================================================[0m
[1;33m📋 Validating project files...[0m
[0;32m✅ Project validation passed[0m
[1;33m🔧 Setting up Google Cloud project...[0m
Updated property [core/project].
Updated property [run/region].
[1;33m🔨 Building and pushing Docker image...[0m
Creating temporary archive of 481 file(s) totalling 3.6 MiB before compression.
Some files were not included in the source upload.

Check the gcloud log [/Users/cryptodelic/.config/gcloud/logs/2025.12.12/00.58.48.014470.log] to see which files and the contents of the
default gcloudignore file used (see `$ gcloud topic gcloudignore` to learn
more).

Uploading tarball of [.] to [gs://nice-azimuth-310713_cloudbuild/source/1765493928.253405-cfd7aa3ed058414ba9fd7dcc6596c5e4.tgz]
Created [https://cloudbuild.googleapis.com/v1/projects/nice-azimuth-310713/locations/global/builds/74829ffd-e0d1-48a3-a431-fc52b2392209].
Logs are available at [ https://console.cloud.google.com/cloud-build/builds/74829ffd-e0d1-48a3-a431-fc52b2392209?project=976099405307 ].
Waiting for build to complete. Polling interval: 1 second(s).
------------- REMOTE BUILD OUTPUT --------------
starting build "74829ffd-e0d1-48a3-a431-fc52b2392209"

FETCHSOURCE
Fetching storage object: gs://nice-azimuth-310713_cloudbuild/source/1765493928.253405-cfd7aa3ed058414ba9fd7dcc6596c5e4.tgz#1765493933873317
Copying gs://nice-azimuth-310713_cloudbuild/source/1765493928.253405-cfd7aa3ed058414ba9fd7dcc6596c5e4.tgz#1765493933873317...
/ [0 files][    0.0 B/  1.5 MiB]                                                / [1 files][  1.5 MiB/  1.5 MiB]                                                
Operation completed over 1 objects/1.5 MiB.                                      
BUILD
Already have image (with digest): gcr.io/cloud-builders/docker
Sending build context to Docker daemon  4.292MB
Step 1/44 : FROM node:18-alpine AS base
18-alpine: Pulling from library/node
f18232174bc9: Pulling fs layer
dd71dde834b5: Pulling fs layer
1e5a4c89cee5: Pulling fs layer
25ff2da83641: Pulling fs layer
25ff2da83641: Verifying Checksum
25ff2da83641: Download complete
1e5a4c89cee5: Verifying Checksum
1e5a4c89cee5: Download complete
f18232174bc9: Verifying Checksum
f18232174bc9: Download complete
f18232174bc9: Pull complete
dd71dde834b5: Verifying Checksum
dd71dde834b5: Download complete
dd71dde834b5: Pull complete
1e5a4c89cee5: Pull complete
25ff2da83641: Pull complete
Digest: sha256:8d6421d663b4c28fd3ebc498332f249011d118945588d0a35cb9bc4b8ca09d9e
Status: Downloaded newer image for node:18-alpine
 ---> ee77c6cd7c18
Step 2/44 : FROM base AS deps
 ---> ee77c6cd7c18
Step 3/44 : RUN apk add --no-cache libc6-compat
 ---> Running in 9fcefe920e57
fetch https://dl-cdn.alpinelinux.org/alpine/v3.21/main/x86_64/APKINDEX.tar.gz
fetch https://dl-cdn.alpinelinux.org/alpine/v3.21/community/x86_64/APKINDEX.tar.gz
(1/3) Installing musl-obstack (1.2.3-r2)
(2/3) Installing libucontext (1.3.2-r0)
(3/3) Installing gcompat (1.1.0-r4)
OK: 10 MiB in 20 packages
Removing intermediate container 9fcefe920e57
 ---> a9618ea50c4a
Step 4/44 : WORKDIR /app
 ---> Running in b2a04378bc83
Removing intermediate container b2a04378bc83
 ---> 9eb48cf7ae4a
Step 5/44 : COPY package.json package-lock.json* ./
 ---> d2038ede47b3
Step 6/44 : RUN npm ci
 ---> Running in 05e910017dcb
[91mnpm warn deprecated rimraf@3.0.2: Rimraf versions prior to v4 are no longer supported
[0m[91mnpm warn deprecated path-match@1.2.4: This package is archived and no longer maintained. For support, visit https://github.com/expressjs/express/discussions
[0m[91mnpm warn deprecated inflight@1.0.6: This module is not supported, and leaks memory. Do not use it. Check out lru-cache if you want a good and tested way to coalesce async requests by a key value, which is much more comprehensive and powerful.
[0m[91mnpm warn deprecated glob@7.2.3: Glob versions prior to v9 are no longer supported
[0m[91mnpm warn deprecated domexception@4.0.0: Use your platform's native DOMException instead
[0m[91mnpm warn deprecated abab@2.0.6: Use your platform's native atob() and btoa() methods instead
[0m[91mnpm warn deprecated @humanwhocodes/object-schema@2.0.3: Use @eslint/object-schema instead
[0m[91mnpm warn deprecated @humanwhocodes/config-array@0.13.0: Use @eslint/config-array instead
[0m[91mnpm warn deprecated eslint@8.57.1: This version is no longer supported. Please see https://eslint.org/version-support for other options.
[0m
added 1275 packages, and audited 1276 packages in 29s

301 packages are looking for funding
  run `npm fund` for details

15 vulnerabilities (7 moderate, 7 high, 1 critical)

To address issues that do not require attention, run:
  npm audit fix

To address all issues (including breaking changes), run:
  npm audit fix --force

Run `npm audit` for details.
[91mnpm notice
npm notice New major version of npm available! 10.8.2 -> 11.7.0
npm notice Changelog: https://github.com/npm/cli/releases/tag/v11.7.0
npm notice To update run: npm install -g npm@11.7.0
npm notice
[0mRemoving intermediate container 05e910017dcb
 ---> ed156068a24a
Step 7/44 : FROM base AS builder
 ---> ee77c6cd7c18
Step 8/44 : WORKDIR /app
 ---> Running in 469b215b55ad
Removing intermediate container 469b215b55ad
 ---> e0874c8fa1cf
Step 9/44 : COPY --from=deps /app/node_modules ./node_modules
 ---> 60e12731f57d
Step 10/44 : COPY . .
 ---> 66ef2ef2e076
Step 11/44 : ENV NEXT_TELEMETRY_DISABLED 1
 ---> Running in 843781b074c5
Removing intermediate container 843781b074c5
 ---> 6d8fc7334c0f
Step 12/44 : ARG NEXT_PUBLIC_API_URL=https://orbitex-976099405307.us-central1.run.app
 ---> Running in 5297fd943a63
Removing intermediate container 5297fd943a63
 ---> ba50a7923163
Step 13/44 : ARG NEXT_PUBLIC_AUTH_SERVICE_URL=https://orbisigner-976099405307.us-central1.run.app/api/v2/identity
 ---> Running in ae5d1e726607
Removing intermediate container ae5d1e726607
 ---> 33951d474c8d
Step 14/44 : ARG NEXT_PUBLIC_FRONTEND_URL=https://orbitex-frontend-976099405307.us-central1.run.app
 ---> Running in b87e972e3d44
Removing intermediate container b87e972e3d44
 ---> a3c07a7fdc96
Step 15/44 : ARG NEXT_PUBLIC_WS_URL=wss://socketeer-976099405307.us-central1.run.app/public
 ---> Running in 567c95052cfe
Removing intermediate container 567c95052cfe
 ---> a03090112bb5
Step 16/44 : ARG NEXT_PUBLIC_ENABLE_2FA=false
 ---> Running in a91ab7ed0606
Removing intermediate container a91ab7ed0606
 ---> 84e41ee8f6ff
Step 17/44 : ARG NEXT_PUBLIC_ENABLE_KYC=false
 ---> Running in f73e06e50ebe
Removing intermediate container f73e06e50ebe
 ---> 4cb0ab62fbff
Step 18/44 : ARG NEXT_PUBLIC_ENABLE_WEBAUTHN=false
 ---> Running in 3e98aafcc164
Removing intermediate container 3e98aafcc164
 ---> 0cd04165bd57
Step 19/44 : ARG SKIP_ENV_VALIDATION=true
 ---> Running in 63d178bdb87d
Removing intermediate container 63d178bdb87d
 ---> 960c3762a906
Step 20/44 : ENV NEXT_PUBLIC_API_URL=$NEXT_PUBLIC_API_URL
 ---> Running in ef793e757f11
Removing intermediate container ef793e757f11
 ---> 46ca2ce879e1
Step 21/44 : ENV NEXT_PUBLIC_AUTH_SERVICE_URL=$NEXT_PUBLIC_AUTH_SERVICE_URL
 ---> Running in 68b42207122b
Removing intermediate container 68b42207122b
 ---> 106245a7cf2c
Step 22/44 : ENV NEXT_PUBLIC_FRONTEND_URL=$NEXT_PUBLIC_FRONTEND_URL
 ---> Running in 1336056756b1
Removing intermediate container 1336056756b1
 ---> 225c121c0b12
Step 23/44 : ENV NEXT_PUBLIC_WS_URL=$NEXT_PUBLIC_WS_URL
 ---> Running in 9167afe64640
Removing intermediate container 9167afe64640
 ---> 521ccfd3515f
Step 24/44 : ENV NEXT_PUBLIC_ENABLE_2FA=$NEXT_PUBLIC_ENABLE_2FA
 ---> Running in adce1c7b0a49
Removing intermediate container adce1c7b0a49
 ---> bc46a4587300
Step 25/44 : ENV NEXT_PUBLIC_ENABLE_KYC=$NEXT_PUBLIC_ENABLE_KYC
 ---> Running in cd8bd046c009
Removing intermediate container cd8bd046c009
 ---> b00bc9aa6cef
Step 26/44 : ENV NEXT_PUBLIC_ENABLE_WEBAUTHN=$NEXT_PUBLIC_ENABLE_WEBAUTHN
 ---> Running in d071403ca50c
Removing intermediate container d071403ca50c
 ---> 42ae86e52f06
Step 27/44 : ENV SKIP_ENV_VALIDATION=$SKIP_ENV_VALIDATION
 ---> Running in e99203924801
Removing intermediate container e99203924801
 ---> 46fca1a2525c
Step 28/44 : RUN npm run build
 ---> Running in 39f16bae7353

> orbitex-frontend@3.0.0 build
> next build
   ▲ Next.js 15.4.6
   - Experiments (use with caution):
     · serverActions

   Creating an optimized production build ...
 ✓ Compiled successfully in 29.0s
   Linting and checking validity of types ...
   Collecting page data ...
   Generating static pages (0/36) ...
   Generating static pages (9/36)
   Generating static pages (18/36) 
   Generating static pages (27/36) 
 ✓ Generating static pages (36/36)
   Finalizing page optimization ...
   Collecting build traces ...

Route (app)                                     Size  First Load JS
┌ ○ /                                         4.3 kB         387 kB
├ ○ /_not-found                                189 B         377 kB
├ ○ /address-book                            2.23 kB         381 kB
├ ○ /address-book/new                        3.38 kB         380 kB
├ ○ /api-keys                                3.45 kB         386 kB
├ ○ /api-test                                 2.8 kB         380 kB
├ ƒ /api/test                                  152 B         377 kB
├ ƒ /api/test/[id]                             152 B         377 kB
├ ƒ /api/udf/config                            152 B         377 kB
├ ƒ /api/udf/history                           152 B         377 kB
├ ƒ /api/udf/symbols                           152 B         377 kB
├ ƒ /api/wallets/balances                      152 B         377 kB
├ ƒ /api/wallets/beneficiaries                 152 B         377 kB
├ ƒ /api/wallets/deposit-address/[currency]    152 B         377 kB
├ ƒ /api/wallets/history                       152 B         377 kB
├ ○ /auth/change-password                    3.32 kB         380 kB
├ ○ /auth/email-verification                 3.31 kB         380 kB
├ ○ /auth/forgot-password                    2.82 kB         380 kB
├ ○ /auth/signin                             6.02 kB         383 kB
├ ○ /auth/signup                             5.08 kB         382 kB
├ ○ /confirm                                 2.34 kB         379 kB
├ ○ /dashboard                               4.07 kB         389 kB
├ ○ /history                                 4.33 kB         386 kB
├ ○ /kyc                                     4.67 kB         382 kB
├ ○ /orders                                  6.02 kB         386 kB
├ ○ /profile                                 4.87 kB         387 kB
├ ○ /security                                 3.7 kB         386 kB
├ ○ /settings                                3.39 kB         386 kB
├ ○ /test-auth                               2.43 kB         379 kB
├ ○ /test-navigation                         1.06 kB         384 kB
├ ○ /theme-demo                              3.75 kB         381 kB
├ ○ /trade                                   20.1 kB         408 kB
├ ○ /verification                            1.94 kB         379 kB
├ ○ /wallets                                 4.33 kB         389 kB
├ ○ /wallets-test                            1.52 kB         386 kB
├ ƒ /wallets/[currency]                      3.93 kB         381 kB
└ ○ /withdraw                                4.11 kB         389 kB
+ First Load JS shared by all                 377 kB
  └ chunks/vendors-f9f09536ffa517e1.js        375 kB
  └ other shared chunks (total)              2.04 kB


ƒ Middleware                                 33.5 kB

○  (Static)   prerendered as static content
ƒ  (Dynamic)  server-rendered on demand

[91mnpm notice
npm notice New major version of npm available! 10.8.2 -> 11.7.0
npm notice Changelog: https://github.com/npm/cli/releases/tag/v11.7.0
npm notice To update run: npm install -g npm@11.7.0
npm notice
[0mRemoving intermediate container 39f16bae7353
 ---> 1860315751c8
Step 29/44 : FROM base AS runner
 ---> ee77c6cd7c18
Step 30/44 : WORKDIR /app
 ---> Running in 6b7e0bb9ad46
Removing intermediate container 6b7e0bb9ad46
 ---> de62ea4040d4
Step 31/44 : ENV NODE_ENV production
 ---> Running in e505145786e2
Removing intermediate container e505145786e2
 ---> 49cd8da635e4
Step 32/44 : ENV NEXT_TELEMETRY_DISABLED 1
 ---> Running in 66b44fcfdeb2
Removing intermediate container 66b44fcfdeb2
 ---> 349f72210639
Step 33/44 : RUN addgroup --system --gid 1001 nodejs
 ---> Running in ad9ca369756d
Removing intermediate container ad9ca369756d
 ---> 9c96c71ecc96
Step 34/44 : RUN adduser --system --uid 1001 nextjs
 ---> Running in 31afee2e5e15
Removing intermediate container 31afee2e5e15
 ---> b28d332d2952
Step 35/44 : COPY --from=builder /app/public ./public
 ---> 7eeedfca7328
Step 36/44 : RUN mkdir .next
 ---> Running in a923cb6f6c34
Removing intermediate container a923cb6f6c34
 ---> 45e771781df2
Step 37/44 : RUN chown nextjs:nodejs .next
 ---> Running in 649de256d926
Removing intermediate container 649de256d926
 ---> 200c8d44d408
Step 38/44 : COPY --from=builder --chown=nextjs:nodejs /app/.next/standalone ./
 ---> 3491b5592f32
Step 39/44 : COPY --from=builder --chown=nextjs:nodejs /app/.next/static ./.next/static
 ---> 4a4b34ca3aa4
Step 40/44 : USER nextjs
 ---> Running in e8ef0fb69430
Removing intermediate container e8ef0fb69430
 ---> b2908d3e772f
Step 41/44 : EXPOSE 3000
 ---> Running in 74ebb0e7fd0a
Removing intermediate container 74ebb0e7fd0a
 ---> c908daa9742a
Step 42/44 : ENV PORT 3000
 ---> Running in e2b0528d218c
Removing intermediate container e2b0528d218c
 ---> 94efc118a87b
Step 43/44 : ENV HOSTNAME "0.0.0.0"
 ---> Running in 1a386a13d1e2
Removing intermediate container 1a386a13d1e2
 ---> b8e0cc3d0125
Step 44/44 : CMD ["node", "server.js"]
 ---> Running in 4f248dd713c4
Removing intermediate container 4f248dd713c4
 ---> 39c18a501651
Successfully built 39c18a501651
Successfully tagged gcr.io/nice-azimuth-310713/orbitex-frontend:20251212-005828
PUSH
Pushing gcr.io/nice-azimuth-310713/orbitex-frontend:20251212-005828
The push refers to repository [gcr.io/nice-azimuth-310713/orbitex-frontend]
163f7c3651bc: Preparing
ef02fc57fb3b: Preparing
5840537f8070: Preparing
b49500ae0696: Preparing
184337d79e61: Preparing
07f39f793d40: Preparing
ccf825e01638: Preparing
6431d18369d3: Preparing
82140d9a70a7: Preparing
f3b40b0cdb1c: Preparing
0b1f26057bd0: Preparing
08000c18d16d: Preparing
0b1f26057bd0: Waiting
08000c18d16d: Waiting
82140d9a70a7: Layer already exists
f3b40b0cdb1c: Layer already exists
08000c18d16d: Layer already exists
0b1f26057bd0: Layer already exists
5840537f8070: Pushed
07f39f793d40: Pushed
b49500ae0696: Pushed
ccf825e01638: Pushed
184337d79e61: Pushed
6431d18369d3: Pushed
163f7c3651bc: Pushed
ef02fc57fb3b: Pushed
20251212-005828: digest: sha256:13970479ef78f63cf72530c110bdb8789e948c9d163878dd03f41b7499fa9fa8 size: 2826
DONE
------------------------------------------------
ID                                    CREATE_TIME                DURATION  SOURCE                                                                                             IMAGES                                                       STATUS
74829ffd-e0d1-48a3-a431-fc52b2392209  2025-12-11T22:58:55+00:00  3M1S      gs://nice-azimuth-310713_cloudbuild/source/1765493928.253405-cfd7aa3ed058414ba9fd7dcc6596c5e4.tgz  gcr.io/nice-azimuth-310713/orbitex-frontend:20251212-005828  SUCCESS
[1;33m🏷️  Tagging as latest...[0m
Created [gcr.io/nice-azimuth-310713/orbitex-frontend:latest].
[1;33m📝 Updating Cloud Run configuration...[0m
[1;33m🚀 Deploying to Google Cloud Run...[0m
[0;34m📊 Deployment Configuration:[0m
  Service Name: orbitex-frontend
  Image: gcr.io/nice-azimuth-310713/orbitex-frontend:20251212-005828
  Region: us-central1
  Project: nice-azimuth-310713

Applying new configuration to Cloud Run service [[1morbitex-frontend[m] in project [[1mnice-azimuth-310713[m] region [[1mus-central1[m]
Deploying...
Creating Revision......................................................................................................................................................................................................................................................................................................................................................................................................................................................done
Routing traffic.....done
Done.
New configuration has been applied to service [[1morbitex-frontend[m].
URL: [1mhttps://orbitex-frontend-976099405307.us-central1.run.app[m
[1;33m⏳ Waiting for deployment to be ready...[0m
[1;33m🧪 Testing deployment...[0m
[0;34mTesting health endpoint: https://orbitex-frontend-ih6wdmcn3q-uc.a.run.app[0m
[1;33mAttempt 1/5: Testing frontend...[0m
[0;32m✅ Frontend is accessible![0m
[0;32m🎉 Deployment completed successfully![0m
[0;34mService URL: https://orbitex-frontend-ih6wdmcn3q-uc.a.run.app[0m
[1;33m🔧 Troubleshooting Commands:[0m
  View logs: gcloud logging read 'resource.type=cloud_run_revision AND resource.labels.service_name=orbitex-frontend' --project=nice-azimuth-310713 --limit=50
  Service info: gcloud run services describe orbitex-frontend --region us-central1
  Update service: gcloud run services update orbitex-frontend --region us-central1 --image gcr.io/nice-azimuth-310713/orbitex-frontend:20251212-005828
[0;32m✅ Deployment script completed![0m
